---
source: codespan-reporting/tests/term.rs
expression: TEST_DATA.emit_no_color(&config)
---
warning: thingy
  ┌─ note_labels:1:1
  │
1 │ hello
  │ ^^^^^ 1
  │
help: due to this
  ┌─ note_labels:3:1
  │
3 │ goodbye
  │ ^^^^^^^ 2
  │


